-------------------------------------------------------------------------------------------------------------
      name:  <unnamed>
       log:  C:\Users\thecs\Dropbox\Boston University\8-Research Assistantship\ukData\output/indexEducationRe
> lation.txt
  log type:  text
 opened on:   5 May 2020, 11:24:09

. est tab `bList'

--------------------------------------------------------------------------------------------
    Variable |  bchoice       bsuper        bme1         bme2         bme3         bme4     
-------------+------------------------------------------------------------------------------
       edlev |
          1  | -.09847466   -.23265874   -.14266761   -.21896226   -.26048211    -.3734957  
          2  |  -.4069851   -.14705919   -.53315091   -.65891368   -.61877915   -.56977295  
          3  | -.61490881   -.07935997   -.52654405   -.84493554   -.79636879   -.63683897  
          4  | -1.0246381    .23066061   -.57297551   -1.2905672   -1.2089822   -.60176445  
             |
       _cons |  3.3637807    6.0786875    2.2839016    4.3157477    3.2288774    2.7614508  
--------------------------------------------------------------------------------------------

. log close
      name:  <unnamed>
       log:  C:\Users\thecs\Dropbox\Boston University\8-Research Assistantship\ukData\output/indexEducationRe
> lation.txt
  log type:  text
 closed on:   5 May 2020, 11:24:09
-------------------------------------------------------------------------------------------------------------
-------------------------------------------------------------------------------------------------------------
      name:  <unnamed>
       log:  C:\Users\thecs\Dropbox\Boston University\8-Research Assistantship\ukData\output/indexEducationRe
> lation.txt
  log type:  text
 opened on:   5 May 2020, 11:24:13

. est tab c*

---------------------------------------------------------------------------------------------------------
    Variable |  cdetail      cpeople       cteach      cspeech      cpersuad     cselling     ccaring    
-------------+-------------------------------------------------------------------------------------------
       edlev |
          1  |  .14372014    .25538587    .26232936    .23776103    .29240505    .19829459      .256873  
          2  |  .24931517    .46056352    .39602199    .31448716    .49126371    .35964063    .57263793  
          3  |  .28536793    .50302773    .54068467    .53040031    .70317014    .36527668    .59046903  
          4  |  .33922116    .67397901    .92666348    1.4141253    1.2790328    .32395257    .89205339  
             |
       _cons |  4.2778045    3.9837559    2.8993661    1.6465927    2.5118859    2.4338352    2.9508716  
---------------------------------------------------------------------------------------------------------


---------------------------------------------------------------------------------------------------------
    Variable |  cteamwk      clisten      cstrengt     cstamina      chands       ctools      cproduct   
-------------+-------------------------------------------------------------------------------------------
             |
       edlev |
          1  |  .15225639    .17783045   -.11943822   -.12339127    .01634627    .10051553    .26144119  
          2  |   .3719402    .38468756   -.53430696   -.46806549   -.17479495   -.12052387    .33581046  
          3  |  .41347869    .40453356   -.54016456   -.42344309   -.06637335   -.02631427    .48054088  
          4  |  .61250328    .60774035   -1.2237987   -.91669749    -.7070064   -.56295215    .39229479  
             |
       _cons |  3.6687797    3.6897781    3.3748019    3.4750396    3.3201268    3.4813788    3.4936609  
---------------------------------------------------------------------------------------------------------


---------------------------------------------------------------------------------------------------------
    Variable |  cspecial     corgwork      cusepc      cpcskil2     cpcskil3     cfaults       ccause    
-------------+-------------------------------------------------------------------------------------------
             |
       edlev |
          1  |  .27609279    .25145956    .60549028   -.03067353    .25784947    .14197228    .17646709  
          2  |   .4116882    .45552554    1.1525131    .10482782    .48505023    .27742348    .34515562  
          3  |  .69520633    .53709661    1.3125946    .07057057    .46254034    .36167405    .45165556  
          4  |  1.0504404     .7108644    2.0561156    .05307363    .54596067    .38763666    .54131405  
             |
       _cons |  3.4659271    3.3728209    2.2171157    4.1576577    2.7259843    3.8161648    3.5011886  
---------------------------------------------------------------------------------------------------------


---------------------------------------------------------------------------------------------------------
    Variable |  csolutn      canalyse     cnoerror     cmistake     cplanoth     cmytime       cahead    
-------------+-------------------------------------------------------------------------------------------
             |
       edlev |
          1  |  .29496696    .32843675    .22375753    .19109573    .22170647     .2383488    .26142107  
          2  |  .44995116    .47552798    .38446283    .35210436    .31390538    .42427281    .37482338  
          3  |  .63700616    .77119312    .44919552    .39923475    .50128041    .60678413     .5089649  
          4  |  .87995518    1.3445132    .52379914    .46008808     .9243204    .96504267    .76496907  
             |
       _cons |   3.364897    2.4920761    3.7583052     3.907559    2.3371632    3.4591918    3.6485737  
---------------------------------------------------------------------------------------------------------


---------------------------------------------------------------------------------------------------------
    Variable |   cread        cshort       clong        cwrite      cwritesh     cwritelg      ccalca    
-------------+-------------------------------------------------------------------------------------------
             |
       edlev |
          1  |  .21864471    .31105034    .30770479    .31292144    .43002726    .34893183    .35167365  
          2  |  .43111787    .62393678    .52536807    .55781528    .77728907    .56877151    .55863459  
          3  |  .48864535    .71695525    .70835176    .65582076    .99049614    .77289094    .75759593  
          4  |  .61230142    1.1232303    1.2827743    .96594488    1.6481662    1.5414731    1.0025387  
             |
       _cons |  3.5511094    3.1018225    2.5448074    2.7503962    2.3732171    1.9658936    2.6917591  
---------------------------------------------------------------------------------------------------------


---------------------------------------------------------------------------------------------------------
    Variable |  cpercent      cstats      cnetuse       ccoop       cmotivat     cthings       ccoach    
-------------+-------------------------------------------------------------------------------------------
             |
       edlev |
          1  |  .28568692    .24023014    .40491527    .15921738     -.067287   -.00535516   -.08096487  
          2  |    .557537     .3108897    .81091805    .40683609    .04052738    .07539823    .03220659  
          3  |  .82154652    .46719106    1.0758891    .38999585    .10936275    .14115318    .08937788  
          4  |  1.2431787    .87683908    1.9598545    .56519923    .14905121    .12060964     .1242955  
             |
       _cons |  2.1695721    1.8195238    1.5473815    3.9117504    4.2209567    3.8883827    3.8997722  
---------------------------------------------------------------------------------------------------------


---------------------------------------------------------------------------------------------------------
    Variable |  ccareers     cfuture      cmefeel      cothfee      clookpr      csoundp      cforlan    
-------------+-------------------------------------------------------------------------------------------
             |
       edlev |
          1  |  .10424547      .172243    .05595214    .14162193    .07707298    .24451183    .06456301  
          2  |  .14294453    .12135475    .26087884    .37049729    .23513053    .52840195    .03926279  
          3  |  .27883252    .24643382    .23643181    .35480388    .16135062    .54685025    .06831022  
          4  |  .44526794    .49825015    .36897349    .52841211     .2168011    .79298111    .17585594  
             |
       _cons |  3.1503417    2.6993166    3.6971631    3.5304965    3.3092199    3.2297872    1.4991625  
---------------------------------------------------------------------------------------------------------

. eststo clear

. log close
      name:  <unnamed>
       log:  C:\Users\thecs\Dropbox\Boston University\8-Research Assistantship\ukData\output/indexEducationRe
> lation.txt
  log type:  text
 closed on:   5 May 2020, 11:24:13
-------------------------------------------------------------------------------------------------------------
