----------------------------------------------------------------------------------------------------------
      name:  <unnamed>
       log:  c:\Users\thecs\Dropbox (Boston University)\boston_university\8-Research Assistantship\ukData\
> results/log_files/n_occupations.txt
  log type:  text
 opened on:   3 Dec 2021, 10:27:34
varlist required
r(100);

end of do-file

r(100);

. do "c:\Users\thecs\Dropbox (Boston University)\boston_university\8-Research Assistantship\ukData\code\pr
> ocess_LFS\output_data_theta_estimation.do"

. local definition_list  educ_3_low //educ_4  educ_3_mid

. foreach definition in definition_list { 
  2.     use "./data/temporary/LFS_agg_database", clear
  3. 
.     do "code/process_LFS/create_education_variables.do"
  4. 
.     gcollapse (sum) people, by(`occupation' year `definition')
  5. }

. *Create education definition
. generate educ_4=edlevLFS 

. replace educ_4=1 if         edlevLFS==0
(3,498 real changes made)

. 
. label define educ_4 ///
>     1 "GCSE D-" ///
>     2 "GCSE A-C" ///
>     3 "A* level / trade" ///
>     4 "Bachelor +"

. 
. label values educ_4 educ_4

. 
. 
. generate educ_3_low=educ_4

. replace educ_3_low=2 if    educ_4==1
(7,625 real changes made)

. replace educ_3_low=educ_3_low-1 
(20,923 real changes made)

. 
. label define educ_3_low ///
>     1"GCSE C-" ///
>     2 "A* level / trade" ///
>     3 "Bachelor +"

. 
. label values educ_3_low educ_3_low

. 
. 
. generate educ_3_mid=educ_4

. replace educ_3_mid=3 if edlevLFS==2
(4,376 real changes made)

. replace educ_3_mid=educ_3_mid-1 if educ_3_mid>=3
(13,298 real changes made)

. 
. label define educ_3_mid ///
>     1 "GCSE G-" ///
>     2 "GCSE A-A* level" ///
>     3 "Bachelor +"

. 
. label values educ_3_mid educ_3_mid

. 
. 
end of do-file
Variable definition_list not found
r(111);

end of do-file

r(111);

. do "c:\Users\thecs\Dropbox (Boston University)\boston_university\8-Research Assistantship\ukData\code\pr
> ocess_LFS\output_data_theta_estimation.do"

. local definition_list  educ_3_low //educ_4  educ_3_mid

. foreach definition in definition_list { 
  2.     use "./data/temporary/LFS_agg_database", clear
  3. 
.     do "code/process_LFS/create_education_variables.do"
  4. 
.     gcollapse (sum) people, by(`occupation' year `definition')
  5. }

. *Create education definition
. generate educ_4=edlevLFS 

. replace educ_4=1 if         edlevLFS==0
(3,498 real changes made)

. 
. label define educ_4 ///
>     1 "GCSE D-" ///
>     2 "GCSE A-C" ///
>     3 "A* level / trade" ///
>     4 "Bachelor +"

. 
. label values educ_4 educ_4

. 
. 
. generate educ_3_low=educ_4

. replace educ_3_low=2 if    educ_4==1
(7,625 real changes made)

. replace educ_3_low=educ_3_low-1 
(20,923 real changes made)

. 
. label define educ_3_low ///
>     1"GCSE C-" ///
>     2 "A* level / trade" ///
>     3 "Bachelor +"

. 
. label values educ_3_low educ_3_low

. 
. 
. generate educ_3_mid=educ_4

. replace educ_3_mid=3 if edlevLFS==2
(4,376 real changes made)

. replace educ_3_mid=educ_3_mid-1 if educ_3_mid>=3
(13,298 real changes made)

. 
. label define educ_3_mid ///
>     1 "GCSE G-" ///
>     2 "GCSE A-A* level" ///
>     3 "Bachelor +"

. 
. label values educ_3_mid educ_3_mid

. 
. 
end of do-file
Variable definition_list not found
r(111);

end of do-file

r(111);

. do "c:\Users\thecs\Dropbox (Boston University)\boston_university\8-Research Assistantship\ukData\code\pr
> ocess_LFS\output_data_theta_estimation.do"

. local definition_list  educ_3_low //educ_4  educ_3_mid

. foreach definition in `definition_list' { 
  2.     use "./data/temporary/LFS_agg_database", clear
  3. 
.     do "code/process_LFS/create_education_variables.do"
  4. 
.     gcollapse (sum) people, by(`occupation' year `definition')
  5. }

. *Create education definition
. generate educ_4=edlevLFS 

. replace educ_4=1 if         edlevLFS==0
(3,498 real changes made)

. 
. label define educ_4 ///
>     1 "GCSE D-" ///
>     2 "GCSE A-C" ///
>     3 "A* level / trade" ///
>     4 "Bachelor +"

. 
. label values educ_4 educ_4

. 
. 
. generate educ_3_low=educ_4

. replace educ_3_low=2 if    educ_4==1
(7,625 real changes made)

. replace educ_3_low=educ_3_low-1 
(20,923 real changes made)

. 
. label define educ_3_low ///
>     1"GCSE C-" ///
>     2 "A* level / trade" ///
>     3 "Bachelor +"

. 
. label values educ_3_low educ_3_low

. 
. 
. generate educ_3_mid=educ_4

. replace educ_3_mid=3 if edlevLFS==2
(4,376 real changes made)

. replace educ_3_mid=educ_3_mid-1 if educ_3_mid>=3
(13,298 real changes made)

. 
. label define educ_3_mid ///
>     1 "GCSE G-" ///
>     2 "GCSE A-A* level" ///
>     3 "Bachelor +"

. 
. label values educ_3_mid educ_3_mid

. 
. 
end of do-file

. 
end of do-file

. br

. do "c:\Users\thecs\Dropbox (Boston University)\boston_university\8-Research Assistantship\ukData\code\pr
> ocess_LFS\output_data_theta_estimation.do"

. 
. local occupation bsoc00Agg

. local definition_list  educ_3_low //educ_4  educ_3_mid

. foreach definition in `definition_list' { 
  2.     use "./data/temporary/LFS_agg_database", clear
  3. 
.     do "code/process_LFS/create_education_variables.do"
  4. 
.     gcollapse (sum) people, by(`occupation' year `definition')
  5. }

. *Create education definition
. generate educ_4=edlevLFS 

. replace educ_4=1 if         edlevLFS==0
(3,498 real changes made)

. 
. label define educ_4 ///
>     1 "GCSE D-" ///
>     2 "GCSE A-C" ///
>     3 "A* level / trade" ///
>     4 "Bachelor +"

. 
. label values educ_4 educ_4

. 
. 
. generate educ_3_low=educ_4

. replace educ_3_low=2 if    educ_4==1
(7,625 real changes made)

. replace educ_3_low=educ_3_low-1 
(20,923 real changes made)

. 
. label define educ_3_low ///
>     1"GCSE C-" ///
>     2 "A* level / trade" ///
>     3 "Bachelor +"

. 
. label values educ_3_low educ_3_low

. 
. 
. generate educ_3_mid=educ_4

. replace educ_3_mid=3 if edlevLFS==2
(4,376 real changes made)

. replace educ_3_mid=educ_3_mid-1 if educ_3_mid>=3
(13,298 real changes made)

. 
. label define educ_3_mid ///
>     1 "GCSE G-" ///
>     2 "GCSE A-A* level" ///
>     3 "Bachelor +"

. 
. label values educ_3_mid educ_3_mid

. 
. 
end of do-file

. 
end of do-file

. br

. do "c:\Users\thecs\Dropbox (Boston University)\boston_university\8-Research Assistantship\ukData\code\pr
> ocess_LFS\output_data_theta_estimation.do"

. 
. local occupation bsoc00Agg

. local definition_list  educ_3_low //educ_4  educ_3_mid

. foreach definition in `definition_list' { 
  2.     use "./data/temporary/LFS_agg_database", clear
  3. 
.     do "code/process_LFS/create_education_variables.do"
  4. 
.     gcollapse (sum) people, by(`occupation' year `definition')
  5. 
.     egen total_educ=sum(people), by(year)
  6. 
.     generate educ_empshare=people/total_educ
  7. }

. *Create education definition
. generate educ_4=edlevLFS 

. replace educ_4=1 if         edlevLFS==0
(3,498 real changes made)

. 
. label define educ_4 ///
>     1 "GCSE D-" ///
>     2 "GCSE A-C" ///
>     3 "A* level / trade" ///
>     4 "Bachelor +"

. 
. label values educ_4 educ_4

. 
. 
. generate educ_3_low=educ_4

. replace educ_3_low=2 if    educ_4==1
(7,625 real changes made)

. replace educ_3_low=educ_3_low-1 
(20,923 real changes made)

. 
. label define educ_3_low ///
>     1"GCSE C-" ///
>     2 "A* level / trade" ///
>     3 "Bachelor +"

. 
. label values educ_3_low educ_3_low

. 
. 
. generate educ_3_mid=educ_4

. replace educ_3_mid=3 if edlevLFS==2
(4,376 real changes made)

. replace educ_3_mid=educ_3_mid-1 if educ_3_mid>=3
(13,298 real changes made)

. 
. label define educ_3_mid ///
>     1 "GCSE G-" ///
>     2 "GCSE A-A* level" ///
>     3 "Bachelor +"

. 
. label values educ_3_mid educ_3_mid

. 
. 
end of do-file

. 
end of do-file

. 
. br

. do "c:\Users\thecs\Dropbox (Boston University)\boston_university\8-Research Assistantship\ukData\code\pr
> ocess_LFS\output_data_theta_estimation.do"

. 
. local occupation bsoc00Agg

. local definition_list  educ_3_low //educ_4  educ_3_mid

. foreach definition in `definition_list' { 
  2.     use "./data/temporary/LFS_agg_database", clear
  3. 
.     do "code/process_LFS/create_education_variables.do"
  4. 
.     gcollapse (sum) people, by(`occupation' year `definition')
  5. 
.     egen total_educ=sum(people), by(year `definition')
  6. 
.     generate educ_empshare=people/total_educ
  7. }

. *Create education definition
. generate educ_4=edlevLFS 

. replace educ_4=1 if         edlevLFS==0
(3,498 real changes made)

. 
. label define educ_4 ///
>     1 "GCSE D-" ///
>     2 "GCSE A-C" ///
>     3 "A* level / trade" ///
>     4 "Bachelor +"

. 
. label values educ_4 educ_4

. 
. 
. generate educ_3_low=educ_4

. replace educ_3_low=2 if    educ_4==1
(7,625 real changes made)

. replace educ_3_low=educ_3_low-1 
(20,923 real changes made)

. 
. label define educ_3_low ///
>     1"GCSE C-" ///
>     2 "A* level / trade" ///
>     3 "Bachelor +"

. 
. label values educ_3_low educ_3_low

. 
. 
. generate educ_3_mid=educ_4

. replace educ_3_mid=3 if edlevLFS==2
(4,376 real changes made)

. replace educ_3_mid=educ_3_mid-1 if educ_3_mid>=3
(13,298 real changes made)

. 
. label define educ_3_mid ///
>     1 "GCSE G-" ///
>     2 "GCSE A-A* level" ///
>     3 "Bachelor +"

. 
. label values educ_3_mid educ_3_mid

. 
. 
end of do-file

. 
end of do-file

. br

. sort year educ_3_low bsoc00Agg

. do "c:\Users\thecs\Dropbox (Boston University)\boston_university\8-Research Assistantship\ukData\code\pr
> ocess_LFS\output_data_theta_estimation.do"

. 
. local occupation bsoc00Agg

. local definition_list  educ_3_low //educ_4  educ_3_mid

. foreach definition in `definition_list' { 
  2.     use "./data/temporary/LFS_agg_database", clear
  3. 
.     do "code/process_LFS/create_education_variables.do"
  4. 
.     gcollapse (sum) people, by(`occupation' year `definition')
  5. 
.     egen total_educ=sum(people), by(year `definition')
  6. 
.     generate educ_empshare=people/total_educ
  7. 
.     egen obs_id=group(`definition' `occupation')
  8. }

. *Create education definition
. generate educ_4=edlevLFS 

. replace educ_4=1 if         edlevLFS==0
(3,498 real changes made)

. 
. label define educ_4 ///
>     1 "GCSE D-" ///
>     2 "GCSE A-C" ///
>     3 "A* level / trade" ///
>     4 "Bachelor +"

. 
. label values educ_4 educ_4

. 
. 
. generate educ_3_low=educ_4

. replace educ_3_low=2 if    educ_4==1
(7,625 real changes made)

. replace educ_3_low=educ_3_low-1 
(20,923 real changes made)

. 
. label define educ_3_low ///
>     1"GCSE C-" ///
>     2 "A* level / trade" ///
>     3 "Bachelor +"

. 
. label values educ_3_low educ_3_low

. 
. 
. generate educ_3_mid=educ_4

. replace educ_3_mid=3 if edlevLFS==2
(4,376 real changes made)

. replace educ_3_mid=educ_3_mid-1 if educ_3_mid>=3
(13,298 real changes made)

. 
. label define educ_3_mid ///
>     1 "GCSE G-" ///
>     2 "GCSE A-A* level" ///
>     3 "Bachelor +"

. 
. label values educ_3_mid educ_3_mid

. 
. 
end of do-file

. 
end of do-file

. br

. br

. do "c:\Users\thecs\Dropbox (Boston University)\boston_university\8-Research Assistantship\ukData\code\pr
> ocess_LFS\output_data_theta_estimation.do"

. 
. local occupation bsoc00Agg

. local definition_list  educ_3_low //educ_4  educ_3_mid

. foreach definition in `definition_list' { 
  2.     use "./data/temporary/LFS_agg_database", clear
  3. 
.     do "code/process_LFS/create_education_variables.do"
  4. 
.     gcollapse (sum) people, by(`occupation' year `definition')
  5. 
.     egen total_educ=sum(people), by(year `definition')
  6. 
.     generate educ_empshare=people/total_educ
  7. 
.     egen obs_id=group(`definition' `occupation')
  8. 
.     drop if year==1997
  9. }

. *Create education definition
. generate educ_4=edlevLFS 

. replace educ_4=1 if         edlevLFS==0
(3,498 real changes made)

. 
. label define educ_4 ///
>     1 "GCSE D-" ///
>     2 "GCSE A-C" ///
>     3 "A* level / trade" ///
>     4 "Bachelor +"

. 
. label values educ_4 educ_4

. 
. 
. generate educ_3_low=educ_4

. replace educ_3_low=2 if    educ_4==1
(7,625 real changes made)

. replace educ_3_low=educ_3_low-1 
(20,923 real changes made)

. 
. label define educ_3_low ///
>     1"GCSE C-" ///
>     2 "A* level / trade" ///
>     3 "Bachelor +"

. 
. label values educ_3_low educ_3_low

. 
. 
. generate educ_3_mid=educ_4

. replace educ_3_mid=3 if edlevLFS==2
(4,376 real changes made)

. replace educ_3_mid=educ_3_mid-1 if educ_3_mid>=3
(13,298 real changes made)

. 
. label define educ_3_mid ///
>     1 "GCSE G-" ///
>     2 "GCSE A-A* level" ///
>     3 "Bachelor +"

. 
. label values educ_3_mid educ_3_mid

. 
. 
end of do-file
(620 observations deleted)

. 
end of do-file

. br

. sort obs_id year

. use "C:\Users\thecs\Dropbox (Boston University)\boston_university\8-Research Assistantship\ukData\data\r
> aw\SESsurvey\ses_combined_general%20release.dta", clear
( )

. table dataset

----------------------
  Dataset |      Freq.
----------+-----------
     1986 |      4,047
     1992 |      3,855
     1997 |      2,467
     2001 |      4,470
     2006 |      7,787
     2012 |      3,200
     2017 |      3,306
----------------------

. do "c:\Users\thecs\Dropbox (Boston University)\boston_university\8-Research Assistantship\ukData\code\pr
> ocess_LFS\output_data_theta_estimation.do"

. 
. local occupation bsoc00Agg

. local definition_list  educ_3_low //educ_4  educ_3_mid

. foreach definition in `definition_list' { 
  2.     use "./data/temporary/LFS_agg_database", clear
  3. 
.     do "code/process_LFS/create_education_variables.do"
  4. 
.     gcollapse (sum) people, by(`occupation' year `definition')
  5. 
.     egen total_educ=sum(people), by(year `definition')
  6. 
.     generate educ_empshare=people/total_educ
  7. 
.     egen obs_id=group(`definition' `occupation')
  8. 
.     keep if inlist(year,2001,2006,2012,2017)
  9. }

. *Create education definition
. generate educ_4=edlevLFS 

. replace educ_4=1 if         edlevLFS==0
(3,498 real changes made)

. 
. label define educ_4 ///
>     1 "GCSE D-" ///
>     2 "GCSE A-C" ///
>     3 "A* level / trade" ///
>     4 "Bachelor +"

. 
. label values educ_4 educ_4

. 
. 
. generate educ_3_low=educ_4

. replace educ_3_low=2 if    educ_4==1
(7,625 real changes made)

. replace educ_3_low=educ_3_low-1 
(20,923 real changes made)

. 
. label define educ_3_low ///
>     1"GCSE C-" ///
>     2 "A* level / trade" ///
>     3 "Bachelor +"

. 
. label values educ_3_low educ_3_low

. 
. 
. generate educ_3_mid=educ_4

. replace educ_3_mid=3 if edlevLFS==2
(4,376 real changes made)

. replace educ_3_mid=educ_3_mid-1 if educ_3_mid>=3
(13,298 real changes made)

. 
. label define educ_3_mid ///
>     1 "GCSE G-" ///
>     2 "GCSE A-A* level" ///
>     3 "Bachelor +"

. 
. label values educ_3_mid educ_3_mid

. 
. 
end of do-file
(10,943 observations deleted)

. 
end of do-file

. br

. br

. do "c:\Users\thecs\Dropbox (Boston University)\boston_university\8-Research Assistantship\ukData\code\pr
> ocess_LFS\output_data_theta_estimation.do"

. 
. local occupation bsoc00Agg

. local definition_list  educ_3_low //educ_4  educ_3_mid

. foreach definition in `definition_list' { 
  2.     use "./data/temporary/LFS_agg_database", clear
  3. 
.     keep if inlist(year,2001,2006,2012,2017)
  4. 
.     do "code/process_LFS/create_education_variables.do"
  5. 
.     gcollapse (sum) people, by(`occupation' year `definition')
  6. 
.     egen total_educ=sum(people), by(year `definition')
  7. 
.     generate educ_empshare=people/total_educ
  8. 
.     egen obs_id=group(`definition' `occupation')
  9. 
.   
. }
(17,006 observations deleted)

. *Create education definition
. generate educ_4=edlevLFS 

. replace educ_4=1 if         edlevLFS==0
(631 real changes made)

. 
. label define educ_4 ///
>     1 "GCSE D-" ///
>     2 "GCSE A-C" ///
>     3 "A* level / trade" ///
>     4 "Bachelor +"

. 
. label values educ_4 educ_4

. 
. 
. generate educ_3_low=educ_4

. replace educ_3_low=2 if    educ_4==1
(1,383 real changes made)

. replace educ_3_low=educ_3_low-1 
(3,917 real changes made)

. 
. label define educ_3_low ///
>     1"GCSE C-" ///
>     2 "A* level / trade" ///
>     3 "Bachelor +"

. 
. label values educ_3_low educ_3_low

. 
. 
. generate educ_3_mid=educ_4

. replace educ_3_mid=3 if edlevLFS==2
(831 real changes made)

. replace educ_3_mid=educ_3_mid-1 if educ_3_mid>=3
(2,534 real changes made)

. 
. label define educ_3_mid ///
>     1 "GCSE G-" ///
>     2 "GCSE A-A* level" ///
>     3 "Bachelor +"

. 
. label values educ_3_mid educ_3_mid

. 
. 
end of do-file

. 
end of do-file

. br

. do "c:\Users\thecs\Dropbox (Boston University)\boston_university\8-Research Assistantship\ukData\code\pr
> ocess_LFS\output_data_theta_estimation.do"

. 
. local occupation bsoc00Agg

. local definition_list  educ_3_low //educ_4  educ_3_mid

. foreach definition in `definition_list' { 
  2.     use "./data/temporary/LFS_agg_database", clear
  3. 
.     keep if inlist(year,2001,2006,2012,2017)
  4. 
.     *Issues here: how to handle changes in employment shares
. 
.     do "code/process_LFS/create_education_variables.do"
  5. 
.     gcollapse (sum) people, by(`occupation' year `definition')
  6. 
.     egen total_educ=sum(people), by(year `definition')
  7. 
.     generate educ_empshare=people/total_educ
  8. 
.     egen obs_id=group(`definition' `occupation')
  9. 
.     generate time_id=group(year)
 10. 
.     xtsetg obs_id time_id
 11. }
(17,006 observations deleted)

. *Create education definition
. generate educ_4=edlevLFS 

. replace educ_4=1 if         edlevLFS==0
(631 real changes made)

. 
. label define educ_4 ///
>     1 "GCSE D-" ///
>     2 "GCSE A-C" ///
>     3 "A* level / trade" ///
>     4 "Bachelor +"

. 
. label values educ_4 educ_4

. 
. 
. generate educ_3_low=educ_4

. replace educ_3_low=2 if    educ_4==1
(1,383 real changes made)

. replace educ_3_low=educ_3_low-1 
(3,917 real changes made)

. 
. label define educ_3_low ///
>     1"GCSE C-" ///
>     2 "A* level / trade" ///
>     3 "Bachelor +"

. 
. label values educ_3_low educ_3_low

. 
. 
. generate educ_3_mid=educ_4

. replace educ_3_mid=3 if edlevLFS==2
(831 real changes made)

. replace educ_3_mid=educ_3_mid-1 if educ_3_mid>=3
(2,534 real changes made)

. 
. label define educ_3_mid ///
>     1 "GCSE G-" ///
>     2 "GCSE A-A* level" ///
>     3 "Bachelor +"

. 
. label values educ_3_mid educ_3_mid

. 
. 
end of do-file
command xtsetg is unrecognized
r(199);

end of do-file

r(199);

. do "c:\Users\thecs\Dropbox (Boston University)\boston_university\8-Research Assistantship\ukData\code\pr
> ocess_LFS\output_data_theta_estimation.do"

. 
. local occupation bsoc00Agg

. local definition_list  educ_3_low //educ_4  educ_3_mid

. foreach definition in `definition_list' { 
  2.     use "./data/temporary/LFS_agg_database", clear
  3. 
.     keep if inlist(year,2001,2006,2012,2017)
  4. 
.     *Issues here: how to handle changes in employment shares
. 
.     do "code/process_LFS/create_education_variables.do"
  5. 
.     gcollapse (sum) people, by(`occupation' year `definition')
  6. 
.     egen total_educ=sum(people), by(year `definition')
  7. 
.     generate educ_empshare=people/total_educ
  8. 
.     egen obs_id=group(`definition' `occupation')
  9. 
.     generate time_id=group(year)
 10. 
.     xtset obs_id time_id
 11. }
(17,006 observations deleted)

. *Create education definition
. generate educ_4=edlevLFS 

. replace educ_4=1 if         edlevLFS==0
(631 real changes made)

. 
. label define educ_4 ///
>     1 "GCSE D-" ///
>     2 "GCSE A-C" ///
>     3 "A* level / trade" ///
>     4 "Bachelor +"

. 
. label values educ_4 educ_4

. 
. 
. generate educ_3_low=educ_4

. replace educ_3_low=2 if    educ_4==1
(1,383 real changes made)

. replace educ_3_low=educ_3_low-1 
(3,917 real changes made)

. 
. label define educ_3_low ///
>     1"GCSE C-" ///
>     2 "A* level / trade" ///
>     3 "Bachelor +"

. 
. label values educ_3_low educ_3_low

. 
. 
. generate educ_3_mid=educ_4

. replace educ_3_mid=3 if edlevLFS==2
(831 real changes made)

. replace educ_3_mid=educ_3_mid-1 if educ_3_mid>=3
(2,534 real changes made)

. 
. label define educ_3_mid ///
>     1 "GCSE G-" ///
>     2 "GCSE A-A* level" ///
>     3 "Bachelor +"

. 
. label values educ_3_mid educ_3_mid

. 
. 
end of do-file
       panel variable:  obs_id (unbalanced)
        time variable:  time_id, 1 to 2017, but with gaps
                delta:  1 unit

. 
end of do-file

. table time_id year

----------------------------------
          |          year         
  time_id | 2001  2006  2012  2017
----------+-----------------------
        1 |    2                  
        2 |    1                  
        3 |          1            
        4 |          2            
        5 |                1      
        6 |                      1
        7 |                      1
        8 |    1                 1
        9 |    1                  
       10 |    1                  
       11 |          2            
       12 |          1            
       13 |                1      
       14 |                1      
       15 |                1     1
       16 |                      1
       17 |                      1
       18 |    2                  
       19 |    1                  
       20 |          1            
       21 |          1            
       22 |          1     1      
       23 |                1      
       24 |                1      
       25 |                      1
       26 |                      2
       27 |    1                  
       28 |    2                  
       29 |          1            
       30 |          1            
       31 |          1            
       32 |                1      
       33 |                2      
       34 |                      1
       35 |                      1
       36 |    1                 1
       37 |    1                  
       38 |    1                  
       39 |          2            
       40 |          1            
       41 |                1      
       42 |                1      
       43 |                1      
       44 |                      2
       45 |                      1
       46 |    2                  
       47 |    1                  
       48 |          1            
       49 |          1            
       50 |          1     1      
       51 |                1      
       52 |                1      
       53 |                      1
       54 |                      1
       55 |    1                 1
       56 |    2                  
       57 |          1            
       58 |          1            
       59 |          1            
       60 |                1      
       61 |                2      
       62 |                      1
       63 |                      1
       64 |    1                 1
       65 |    1                  
       66 |    1                  
       67 |          2            
       68 |          1            
       69 |                1      
       70 |                1      
       71 |                1      
       72 |                      1
       73 |    1                 2
       74 |    1                  
       75 |    1                  
       76 |          1            
       77 |          1            
       78 |          1            
       79 |                2      
       80 |                1      
       81 |                      1
       82 |                      1
       83 |    1                 1
       84 |    2                  
       85 |          1            
       86 |          1            
       87 |          1            
       88 |                1      
       89 |                1      
       90 |                1      
       91 |                      2
       92 |    1                 1
       93 |    1                  
       94 |    1                  
       95 |          2            
       96 |          1            
       97 |                1      
       98 |                1      
       99 |                1      
      100 |                      1
      101 |    1                 2
      102 |    1                  
      103 |    1                  
      104 |          1            
      105 |          1            
      106 |          1            
      107 |                2      
      108 |                1      
      109 |                      1
      110 |                      1
      111 |    1                 1
      112 |    2                  
      113 |          1            
      114 |          1            
      115 |          1            
      116 |                1      
      117 |                1      
      118 |                1      
      119 |                      2
      120 |    1                 1
      121 |    1                  
      122 |    1                  
      123 |          2            
      124 |          1            
      125 |                1      
      126 |                1      
      127 |                1      
      128 |                      1
      129 |    1                 1
      130 |    1                 1
      131 |    1                  
      132 |          1            
      133 |          1            
      134 |          1            
      135 |                1      
      136 |                2      
      137 |                      1
      138 |                      1
      139 |    2                 1
      140 |    1                  
      141 |          1            
      142 |          1            
      143 |          1            
      144 |                1      
      145 |                1      
      146 |                1      
      147 |                      1
      148 |    1                 2
      149 |    1                  
      150 |    1                  
      151 |          1            
      152 |          2            
      154 |                2      
      155 |                1      
      156 |                      1
      157 |    1                 1
      158 |    1                 1
      159 |    1                  
      160 |          1            
      161 |          1            
      162 |          1            
      163 |                1      
      164 |                2      
      166 |                      2
      167 |    2                 1
      168 |    1                  
      169 |          1            
      170 |          1            
      171 |          1            
      172 |                1      
      173 |                1      
      174 |                1      
      175 |                      1
      176 |    1                 1
      177 |    1                 1
      178 |    1                  
      179 |          1            
      180 |          2            
      182 |                1      
      183 |                      1
      184 |    1                 2
      185 |    2                  
      187 |          2            
      188 |          1            
      189 |                1      
      190 |                1      
      191 |                1      
      192 |                      1
      193 |    1                 1
      194 |    1                 1
      195 |    1                  
      196 |          1            
      197 |          2            
      199 |                1      
      200 |    1           1      
      201 |    1                 1
      202 |    1                  
      203 |          1            
      204 |          2            
      206 |                1      
      207 |                2      
      209 |    1                 2
      210 |    1                 1
      211 |    1                  
      212 |          1            
      213 |          1            
      214 |          1            
      215 |                1      
      216 |                1      
      217 |                1      
      218 |                      1
      219 |    2                 1
      220 |    1                 1
      222 |          2            
      223 |          1            
      225 |                2      
      226 |                1      
      227 |    1                 1
      228 |    1                 1
      229 |    1                  
      230 |          1            
      231 |          1            
      232 |          1            
      233 |                1      
      234 |                1      
      235 |                1      
      236 |                      1
      237 |    2                 1
      238 |    1                 1
      239 |          1            
      240 |          1            
      241 |          1            
      243 |                2      
      244 |                1      
      245 |                      1
      246 |    1                 1
      247 |    1                 1
      248 |          1            
      249 |          1            
      250 |          1            
      251 |                1      
      252 |                1      
      253 |                1      
      254 |    2                 1
      255 |    1                 1
      257 |          2            
      258 |          1            
      260 |                2      
      261 |                1      
      263 |    1                 2
      264 |    1                 1
      265 |          1            
      266 |          1            
      267 |          1            
      268 |                1      
      270 |    1                 1
      271 |    2                 2
      273 |          1            
      274 |          1            
      275 |          1            
      276 |                1      
      277 |                1      
      278 |                1      
      279 |    1                 1
      280 |    1                 1
      281 |                      1
      282 |          2            
      283 |          1            
      285 |                2      
      286 |                1      
      287 |    1                  
      288 |    1                 1
      289 |    1                 1
      290 |          1            
      291 |          1            
      292 |          1            
      293 |                1      
      294 |                1      
      295 |                1      
      296 |    1                 1
      297 |    1                 1
      298 |                      1
      299 |          2            
      301 |                1      
      302 |                1      
      303 |                1      
      304 |    1                 1
      305 |    1                 1
      306 |    1                 1
      307 |          1            
      308 |          1            
      309 |          1            
      310 |                1      
      311 |                1      
      312 |                1      
      313 |    1                  
      314 |    1                 2
      315 |    1                 1
      317 |          2            
      318 |          1            
      320 |                1      
      321 |                2      
      323 |    1                 1
      324 |    2                 1
      325 |                      1
      326 |          1            
      327 |          2            
      329 |                1      
      330 |                1      
      331 |                1      
      332 |    1                 1
      333 |    1                 1
      334 |    1                 1
      335 |          1            
      336 |          1            
      337 |          1            
      339 |                2      
      340 |                1      
      341 |    1                  
      342 |    1                 1
      343 |    1                 2
      345 |          2            
      346 |          1            
      348 |                1      
      349 |                2      
      351 |    2                 1
      352 |                      1
      353 |          1           1
      355 |    2           1      
      357 |          1           1
      358 |          1            
      359 |          1            
      360 |                1      
      361 |                1      
      362 |                1      
      363 |    1                  
      364 |    1                 2
      365 |                      1
      366 |          2            
      368 |                1      
      369 |    1           1      
      370 |          1            
      371 |                      1
      372 |                1      
      373 |    1           1      
      375 |          1           2
      376 |          1            
      377 |    1                  
      378 |    1           1      
      379 |    1                 1
      380 |          1            
      381 |          1            
      382 |          1            
      384 |                1      
      385 |                1      
      386 |    2                 1
      387 |    1                 1
      388 |                      1
      389 |          1            
      390 |          2            
      392 |                1      
      393 |                1      
      394 |    1                  
      395 |    1                 1
      396 |                      1
      397 |          2           1
      398 |          1            
      400 |                1      
      401 |                1      
      402 |                1      
      403 |    2                  
      404 |    1                 2
      405 |                      1
      406 |          1            
      407 |          1            
      408 |          1            
      410 |                2      
      411 |                1      
      412 |    1                  
      413 |    1                 1
      414 |    1                 1
      415 |          1           1
      416 |          1            
      417 |          1            
      419 |                1      
      420 |                1      
      421 |    1           1      
      422 |    1                 1
      423 |    1                 1
      424 |                      1
      425 |          1            
      426 |          2            
      428 |                1      
      429 |                1      
      430 |                1      
      431 |    2                  
      432 |    1                 1
      433 |                      2
      434 |          1            
      435 |          1            
      436 |          1            
      438 |                1      
      439 |                2      
      440 |    1                  
      441 |    1                 1
      442 |    1                 1
      443 |          1           1
      444 |          1            
      445 |          1            
      447 |                1      
      448 |                1      
      449 |    1           1      
      450 |    1                  
      451 |    1                 2
      452 |                      1
      453 |          1            
      454 |          1            
      455 |    1                  
      456 |                1      
      457 |          2            
      458 |          1           1
      460 |    1           1      
      461 |    1           1      
      462 |    1                  
      463 |                      1
      464 |          2            
      465 |          1            
      467 |                1      
      468 |                1      
      469 |    2           1      
      470 |    1                  
      471 |                      1
      472 |          1           1
      473 |          1            
      474 |          1            
      476 |                1      
      477 |                1      
      478 |    1           1      
      479 |    1                  
      480 |                      2
      481 |          1           1
      482 |          2            
      485 |                2      
      486 |    1                  
      487 |    2                 1
      488 |                      1
      489 |          1           1
      490 |          1            
      491 |          1            
      493 |                1      
      494 |                1      
      495 |    1           1      
      496 |    1                  
      497 |    1                 1
      498 |                      2
      499 |          2            
      500 |          1            
      503 |                2      
      504 |    1           1      
      505 |    1                  
      506 |    1                 1
      507 |                      1
      508 |          1           1
      509 |          1            
      510 |          1            
      512 |                1      
      513 |                2      
      514 |    1                  
      515 |    2                  
      516 |                      2
      517 |          1           1
      518 |          1            
      519 |          1            
      521 |                1      
      522 |    1           1      
      523 |    1           1      
      525 |          1           1
      526 |          1           1
      527 |          1            
      529 |                1      
      530 |    1           1      
      531 |    1                  
      532 |    1                 1
      533 |                      1
      534 |          2           1
      535 |          1            
      538 |                2      
      539 |    2           1      
      540 |    1                  
      541 |                      1
      542 |          1           1
      543 |          1            
      544 |          1            
      546 |                1      
      547 |                1      
      548 |    1           1      
      549 |    2                  
      550 |                      1
      551 |                      1
      552 |          2           1
      553 |          1            
      556 |                2      
      557 |    1           1      
      558 |    1                  
      559 |    1                 1
      560 |                      1
      561 |          1           1
      562 |          1            
      563 |          1            
      565 |                1      
      566 |                1      
      567 |    2           1      
      568 |    1                  
      569 |                      1
      570 |          1           2
      571 |          1            
      572 |          1            
      573 |    1                  
      574 |    2           1      
      577 |          2           1
      578 |          1            
      581 |                2      
      582 |    1           1      
      583 |    1                  
      584 |    1                 1
      585 |                      1
      586 |          1           1
      587 |          2            
      590 |                1      
      591 |    1           1      
      592 |    1           1      
      593 |    1                  
      594 |                      1
      595 |          1           2
      596 |          1            
      597 |          1            
      599 |    1           1      
      600 |    1           1      
      601 |    1           1      
      603 |          1           1
      604 |          1            
      605 |          1            
      607 |                1      
      608 |    1           1      
      609 |    1           1      
      610 |    1                  
      611 |                      1
      612 |          1           1
      613 |          1           1
      614 |          1            
      617 |                2      
      618 |    1           1      
      619 |    2                  
      620 |                      1
      621 |                      1
      622 |          2           1
      623 |          1            
      626 |                1      
      627 |    1           2      
      628 |    1                  
      630 |          1           1
      631 |          1           2
      634 |    1           2      
      635 |    1           1      
      636 |    1                  
      638 |          1           2
      639 |          1            
      640 |          1            
      642 |                1      
      643 |    1           1      
      644 |    1           1      
      645 |    1                  
      646 |                      1
      647 |          1           1
      648 |          1           1
      649 |          1            
      652 |                2      
      653 |    1           1      
      654 |    2                  
      656 |                      2
      657 |          2           1
      658 |          1            
      661 |                1      
      662 |    1           1      
      663 |    1           1      
      665 |          1           1
      666 |                      1
      667 |    1                 1
      668 |    1           1      
      669 |    1           1      
      671 |                      1
      672 |          2           1
      673 |          1            
      676 |                1      
      677 |    1           2      
      678 |    2                  
      680 |                      1
      681 |          1           2
      682 |          2            
      685 |    2           1      
      686 |    1           1      
      687 |                1      
      689 |          2           1
      690 |          1            
      692 |    2                  
      693 |    1           1      
      696 |          2           2
      697 |          1            
      699 |    1                  
      700 |    1           1      
      701 |    1           1      
      702 |                1      
      703 |          1            
      704 |          1           1
      705 |          1            
      708 |                1      
      709 |    2           2      
      710 |    1                  
      712 |                      1
      713 |          1           1
      714 |          2           1
      717 |                1      
      718 |    1           1      
      719 |    1           1      
      720 |    1                  
      721 |                      1
      722 |          1           1
      723 |          1           1
      724 |          1            
      727 |                2      
      728 |                1      
      730 |    2                  
      731 |    1                 1
      732 |                      2
      733 |                      1
      734 |          1           1
      735 |          2           1
      738 |                1      
      739 |    1           1      
      740 |    2           1      
      742 |                      1
      743 |          1           1
      744 |          1           1
      745 |          1            
      748 |    1           2      
      749 |                1      
      751 |    2                  
      752 |    1                 1
      753 |                1     2
      754 |                1      
      755 |          1            
      756 |          2            
      759 |                1      
      760 |    1           1      
      761 |    2           1      
      764 |          1           2
      765 |          1           1
      766 |          1            
      769 |    1           1      
      770 |    1           2      
      771 |    1                  
      773 |          1           1
      774 |          1           1
      775 |          1           1
      778 |                1      
      779 |    2           1      
      780 |                1      
      782 |          1           1
      783 |          1           1
      784 |          1           1
      786 |    1                  
      787 |    1           2      
      788 |    1           1      
      791 |          2           1
      792 |          1           1
      795 |                1      
      796 |    2           1      
      797 |    1           1      
      800 |          1           2
      801 |          2           1
      803 |    1                  
      804 |    1                  
      805 |    1           1      
      807 |                      1
      808 |          1           1
      809 |          2           1
      812 |                1      
      813 |    2           1      
      814 |    1           1      
      817 |          1           1
      818 |          1           2
      819 |          1            
      822 |    1           1      
      823 |    1           2      
      824 |    1                  
      826 |          1           1
      827 |          1           1
      828 |          1           1
      831 |    1           1      
      832 |    1           1      
      833 |    1           1      
      836 |          1           2
      837 |          2           1
      841 |    2           2      
      842 |    1           1      
      845 |          1           1
      846 |          1           1
      847 |                      1
      849 |    1           1      
      850 |    1           1      
      851 |    1           1      
      854 |          2           2
      855 |          1           1
      859 |    2           2      
      860 |    1           1      
      863 |          1           1
      864 |          1           1
      865 |          1           1
      868 |    1           1      
      869 |    2           2      
      872 |          1           1
      873 |          1           1
      874 |          1           1
      877 |    1           1      
      878 |    1           1      
      879 |    1           1      
      882 |          2           1
      883 |          1           2
      886 |    1                  
      887 |    1           2      
      888 |    1           1      
      891 |          1           1
      892 |          1           1
      893 |          1           1
      896 |    1           1      
      897 |    2           1      
      898 |                1      
      900 |          1            
      901 |          1           2
      902 |          1           1
      905 |    1           1      
      906 |    1           1      
      907 |    1           1      
      910 |          2           1
      911 |          1           1
      912 |                      1
      914 |    1                  
      915 |    1           1      
      916 |    1           2      
      919 |          1           1
      920 |          1           1
      921 |          1           1
      924 |    1           1      
      925 |    2           1      
      926 |                1      
      928 |          1            
      929 |          1           1
      930 |          1           2
      933 |    1           1      
      934 |    1           1      
      935 |    1           1      
      938 |          1           1
      939 |          2           1
      940 |                      1
      942 |    1                  
      943 |    1           1      
      944 |    1           2      
      947 |          1            
      948 |          1           2
      949 |          1           1
      952 |    2           1      
      953 |    1           1      
      954 |                1      
      956 |          1            
      957 |          1           1
      958 |          1           1
      959 |                      1
      961 |    1                  
      962 |    1           2      
      963 |    1           1      
      966 |          1           1
      967 |          2           1
      968 |                      1
      970 |    1                  
      971 |    1           1      
      972 |    1           1      
      973 |                1      
      975 |          1            
      976 |          1           1
      977 |          1           2
      980 |    2           1      
      981 |    1           1      
      982 |                1      
      984 |          1            
      985 |          1           1
      986 |          1           1
      987 |                      1
      989 |    1                  
      990 |    1           2      
      991 |    1           1      
      994 |          1            
      995 |          2           2
      996 |                      1
      998 |    1                  
      999 |    1           1      
     1000 |    1           1      
     1001 |                1      
     1003 |          1            
     1004 |          1           1
     1005 |          1           2
     1008 |    2           1      
     1009 |    1           1      
     1010 |                1      
     1012 |          1            
     1013 |          1           1
     1014 |          1           1
     1015 |                      1
     1017 |    1                  
     1018 |    2           1      
     1019 |                2      
     1022 |          1            
     1023 |          2           2
     1024 |                      1
     1026 |    1                  
     1027 |    1           1      
     1028 |                1      
     1029 |                1      
     1030 |          1            
     1032 |    2                 1
     1033 |    1                 1
     1034 |                1     1
     1035 |                1      
     1037 |    1     1            
     1038 |    1                 1
     1039 |    1                 1
     1040 |                1      
     1041 |                1      
     1042 |          1            
     1043 |          1            
     1044 |          1            
     1045 |                      1
     1046 |    1                  
     1047 |    1           1      
     1048 |                1      
     1049 |                1      
     1051 |          2            
     1052 |          1           1
     1053 |    1                 1
     1054 |    1                 1
     1055 |    1                  
     1056 |                1      
     1057 |                1      
     1058 |          1            
     1059 |          1            
     1060 |          1           1
     1061 |                      1
     1063 |    1                  
     1064 |    2           1      
     1065 |                2      
     1068 |          2            
     1069 |          1           1
     1070 |                      2
     1072 |    1                  
     1073 |    1           1      
     1074 |                1      
     1075 |                1      
     1076 |          1            
     1077 |          1            
     1078 |                      1
     1079 |    1                 1
     1080 |    1                 1
     1081 |    1           1      
     1082 |                1      
     1084 |          1            
     1085 |          1           1
     1086 |          1           1
     1087 |                      1
     1088 |    1                  
     1089 |    1                  
     1090 |                2      
     1091 |                1      
     1093 |          2            
     1094 |          1            
     1095 |                      2
     1096 |    1                 1
     1097 |    1                  
     1098 |    1           1      
     1099 |                1      
     1101 |          1            
     1102 |          1            
     1103 |          1           2
     1104 |                      1
     1105 |    1                  
     1106 |    1                  
     1107 |    1           1      
     1108 |                2      
     1111 |          2            
     1112 |          1           1
     1113 |                      2
     1115 |    1                  
     1116 |    1           1      
     1117 |                1      
     1118 |                1      
     1119 |          1            
     1120 |          1            
     1121 |          1           1
     1122 |    1                 1
     1123 |    2                 1
     1125 |                1      
     1126 |                1      
     1127 |          1            
     1128 |          2            
     1129 |                      1
     1130 |    2                 1
     1133 |                2      
     1134 |          1            
     1135 |          1            
     1136 |    2                  
     1137 |                      1
     1138 |                      1
     1139 |                1      
     1140 |          1     1      
     1141 |          1            
     1142 |          1            
     1143 |    1                 1
     1144 |    1                 1
     1145 |    1                  
     1146 |                1      
     1147 |                2      
     1149 |          2            
     1151 |    1                 1
     1152 |    1                 1
     1153 |    1                  
     1154 |                2      
     1156 |          1            
     1157 |          1            
     1158 |          1           1
     1159 |                      1
     1160 |                      1
     1161 |    2                  
     1162 |    1           1      
     1163 |                1      
     1164 |                1      
     1166 |          1            
     1167 |          2           1
     1168 |                      1
     1169 |                      1
     1170 |    1                  
     1171 |    2                  
     1172 |                2      
     1173 |                1      
     1175 |          1            
     1176 |          1            
     1177 |                      1
     1178 |    1                 2
     1179 |    1                  
     1180 |    1           1      
     1181 |                1      
     1182 |                1      
     1184 |          2            
     1185 |          1           1
     1186 |                      1
     1187 |                      1
     1188 |    1                  
     1189 |    1                  
     1190 |                2      
     1191 |                1      
     1192 |          1            
     1193 |          1            
     1194 |          1            
     1195 |    1                 1
     1196 |    2                 2
     1198 |                1      
     1199 |                1      
     1200 |          1            
     1201 |          1            
     1202 |          1            
     1203 |    1                 2
     1204 |    1                  
     1205 |    1                  
     1206 |                1      
     1207 |                1      
     1208 |                1      
     1209 |          2            
     1210 |          1            
     1211 |                      1
     1212 |                      1
     1213 |    1                  
     1215 |                2      
     1216 |    2     1     1      
     1217 |    1                  
     1220 |    1                 1
     1221 |    1     1     1     1
     1222 |    1                 1
     1225 |                      1
     1226 |          1            
     1227 |          2            
     1229 |    1                 2
     1230 |    2                  
     1232 |                1      
     1233 |                2      
     1234 |          1            
     1235 |          1            
     1236 |          1            
     1237 |                      1
     1238 |    1                 1
     1239 |    1                  
     1240 |    1           1      
     1241 |                1      
     1242 |                1      
     1244 |          2            
     1245 |          1            
     1246 |                      1
     1247 |                      2
     1248 |    2                  
     1249 |    1                  
     1250 |                2      
     1251 |                1      
     1253 |          1            
     1254 |          1            
     1255 |          1           1
     1256 |                      1
     1257 |    1                 1
     1258 |    2                  
     1259 |                1      
     1260 |                1      
     1261 |                1      
     1262 |          1            
     1263 |          1            
     1264 |          1            
     1265 |                      2
     1266 |    1                 1
     1267 |    1                  
     1268 |    1           1      
     1269 |                1      
     1270 |                1      
     1272 |          2            
     1273 |          1            
     1274 |                      1
     1275 |    1                 1
     1276 |    1                 1
     1277 |    1                  
     1278 |                1      
     1279 |                2      
     1281 |          1            
     1282 |          1            
     1283 |          1           1
     1284 |                      1
     1285 |    1                 1
     1286 |    2                  
     1287 |                1      
     1288 |                1      
     1289 |                1      
     1290 |          1            
     1291 |          1            
     1292 |          1            
     1293 |                      1
     1294 |    1                 2
     1295 |    1                  
     1296 |    1                  
     1297 |                2      
     1298 |                1      
     1300 |          2            
     1301 |          1            
     1302 |                      1
     1303 |    1                 1
     1304 |    1                 1
     1305 |    1                  
     1306 |                1      
     1307 |                2      
     1309 |          1            
     1310 |          1            
     1311 |          1            
     1312 |                      2
     1313 |    1                 1
     1314 |    2                  
     1315 |                1      
     1316 |                1      
     1317 |                1      
     1318 |          1            
     1319 |          1            
     1320 |          1            
     1321 |                      1
     1322 |    1                 2
     1323 |    1                  
     1324 |    1                  
     1325 |                2      
     1326 |                1      
     1328 |          2            
     1329 |          1            
     1330 |                      1
     1331 |    1                 1
     1332 |    1                 1
     1333 |    1                  
     1334 |                1      
     1335 |                1      
     1336 |                1      
     1337 |          1            
     1338 |          1            
     1339 |          1            
     1340 |                      2
     1341 |    2                 1
     1342 |    1                  
     1343 |                1      
     1344 |                1      
     1345 |                1      
     1346 |          1            
     1347 |          1            
     1348 |          1            
     1349 |    1                 1
     1350 |    1                 1
     1351 |    1                 1
     1353 |                1      
     1354 |                1      
     1355 |          1            
     1356 |    1     1            
     1357 |    1                  
     1358 |    1                 2
     1359 |                      1
     1361 |                2      
     1362 |          1            
     1363 |          1            
     1364 |          1            
     1366 |    2                 2
     1367 |    1                  
     1368 |                1      
     1369 |                1      
     1370 |                1      
     1371 |          1            
     1372 |          1            
     1373 |          1            
     1374 |                      1
     1375 |    1                 1
     1376 |    2                 1
     1378 |                1      
     1379 |                2      
     1381 |          2            
     1382 |          1            
     1384 |    1                 2
     1385 |    1                 1
     1386 |    1                  
     1387 |                1      
     1388 |                1      
     1389 |                1      
     1390 |          1            
     1391 |          1            
     1392 |          1            
     1393 |    1                 1
     1394 |    2                 2
     1396 |                1      
     1397 |                1      
     1399 |          2            
     1400 |          1            
     1402 |    1                 2
     1403 |    1                 1
     1404 |    1                  
     1405 |                1      
     1406 |                1      
     1407 |                1      
     1408 |          1            
     1409 |          2            
     1411 |    1                 1
     1412 |    1                 2
     1413 |    1                  
     1414 |                1      
     1415 |                1      
     1416 |                1      
     1417 |          1            
     1418 |          1            
     1419 |          1            
     1420 |                      1
     1421 |    2                 1
     1422 |    1                 1
     1424 |                1      
     1425 |                2      
     1427 |          2            
     1428 |    2     1            
     1430 |                      2
     1431 |                      1
     1433 |          1     1      
     1434 |          2     1      
     1435 |    1                  
     1436 |    1                  
     1437 |    1                  
     1438 |                      1
     1439 |                1      
     1440 |                1      
     1441 |          1     1      
     1442 |          1            
     1443 |          1            
     1445 |    1                 1
     1446 |    2                 1
     1448 |                1      
     1449 |                1      
     1450 |                1      
     1451 |          2            
     1452 |    1                  
     1453 |    2                  
     1454 |                      1
     1455 |                      1
     1456 |                      1
     1457 |                2      
     1458 |          2     1      
     1459 |          1            
     1461 |    1                  
     1462 |    1                  
     1463 |    1                 1
     1464 |                1      
     1465 |                1      
     1466 |                1      
     1467 |          1            
     1468 |          1            
     1469 |          1            
     1470 |    1                 1
     1471 |    1                 1
     1472 |                      1
     1474 |                1      
     1475 |                2      
     1476 |          2            
     1477 |    2                  
     1478 |    1                  
     1480 |                      1
     1481 |                      2
     1482 |                2      
     1483 |          2            
     1484 |          1            
     1486 |    1                  
     1487 |    2                 1
     1488 |                      1
     1489 |                1      
     1490 |                1      
     1491 |                1      
     1492 |          1            
     1493 |          1            
     1494 |          1            
     1495 |    1                 1
     1496 |    1                 1
     1497 |    1                 1
     1499 |                1      
     1500 |                2      
     1501 |          1            
     1502 |          1            
     1503 |          1            
     1505 |    2                 1
     1506 |    1                 2
     1508 |                1      
     1509 |                1      
     1510 |                1      
     1511 |          2            
     1512 |          1            
     1514 |    1                 1
     1515 |    2                 1
     1516 |                      1
     1518 |                2      
     1519 |                1      
     1520 |          1            
     1521 |          1            
     1522 |          1            
     1523 |    1                  
     1524 |    1                 2
     1525 |    1                 1
     1527 |                1      
     1528 |                2      
     1529 |          1            
     1530 |          1            
     1531 |          1            
     1533 |    2                 1
     1534 |                      1
     1535 |                      1
     1536 |                1      
     1537 |                1      
     1538 |          1     1      
     1539 |          2            
     1540 |    1                  
     1541 |    1                  
     1542 |    1                 1
     1543 |                      1
     1544 |                      1
     1545 |                1      
     1546 |          1     2      
     1547 |          1            
     1548 |    1     1            
     1549 |    1                  
     1550 |    1                  
     1551 |                      1
     1552 |    1                 1
     1553 |    2           1      
     1554 |          1     1      
     1555 |          1            
     1558 |          1            
     1559 |          1           1
     1560 |          1           1
     1561 |    1                  
     1562 |    1                  
     1563 |    1                  
     1565 |                1      
     1566 |                1      
     1567 |          1     1      
     1568 |          1            
     1569 |          1            
     1571 |    2                 1
     1572 |    1                 1
     1573 |                      1
     1574 |                1      
     1575 |                1      
     1576 |                1      
     1577 |          1            
     1578 |          2            
     1580 |    1                  
     1581 |    1                 1
     1582 |                      2
     1584 |                1      
     1585 |          1     2      
     1586 |          1            
     1587 |          1            
     1588 |    1                  
     1589 |    1                  
     1590 |    1                 1
     1591 |                      1
     1592 |                1     1
     1593 |                1      
     1594 |                1      
     1595 |          2            
     1596 |          1            
     1598 |    1                  
     1599 |    2                 1
     1600 |                      2
     1602 |                1      
     1603 |                2      
     1604 |          1            
     1605 |          1            
     1606 |          1            
     1607 |    1                  
     1608 |    1                 1
     1609 |    1                 1
     1610 |                      1
     1611 |                1      
     1612 |                1      
     1613 |          1     1      
     1614 |          1            
     1615 |          1            
     1616 |    1                  
     1617 |    1                  
     1618 |    1                 2
     1619 |                      1
     1621 |                2      
     1622 |                1      
     1623 |          1            
     1624 |          2            
     1626 |    2                  
     1627 |    1                 1
     1628 |                      1
     1629 |                      1
     1630 |                1      
     1631 |                2      
     1632 |          1            
     1633 |          1            
     1634 |          1            
     1635 |    1                  
     1636 |    1                 1
     1637 |    1                 1
     1638 |                      1
     1639 |                1      
     1640 |                1      
     1641 |          1     1      
     1642 |          1            
     1643 |          1            
     1644 |    1                  
     1645 |    1                  
     1646 |    1                 1
     1647 |                      2
     1649 |                2      
     1650 |                1      
     1651 |          1            
     1652 |          2            
     1654 |    2                  
     1655 |                      1
     1656 |                      1
     1657 |                      1
     1658 |                1      
     1659 |          1     1      
     1660 |          1     1      
     1661 |          1            
     1662 |    1                  
     1663 |    1                  
     1664 |    1                  
     1665 |                      2
     1666 |                      1
     1667 |                2      
     1668 |                1      
     1669 |          2            
     1670 |          1            
     1671 |    1                  
     1672 |    1                  
     1673 |                      1
     1674 |                      1
     1675 |                      1
     1676 |                1      
     1677 |          1     1      
     1678 |    1     1     1      
     1679 |    1                  
     1680 |    1                  
     1683 |                      2
     1684 |                1     1
     1685 |          1     1      
     1686 |          1            
     1687 |          1            
     1688 |    1                  
     1689 |    1                  
     1690 |                      2
     1691 |                      1
     1692 |                1      
     1693 |    1           1      
     1694 |    1     1     1      
     1695 |    1                  
     1699 |                1     1
     1700 |          1     1     1
     1701 |          2           1
     1703 |    2                  
     1704 |    1                  
     1705 |                      1
     1706 |                      1
     1707 |                1      
     1708 |                1      
     1709 |          1     1      
     1710 |          1            
     1711 |          1            
     1712 |    1                  
     1713 |    2                  
     1714 |                      1
     1715 |                      2
     1717 |                2      
     1718 |          1     1      
     1719 |          1            
     1720 |    1     1            
     1721 |    1                  
     1722 |    1                  
     1723 |                      1
     1724 |                      1
     1725 |                      1
     1726 |                1      
     1727 |          1     1      
     1728 |          1     1      
     1729 |    1     1            
     1730 |    1                  
     1731 |    1                  
     1733 |                      2
     1735 |                2      
     1736 |          2     1      
     1737 |          1            
     1738 |    1                  
     1739 |    1                  
     1741 |                      1
     1742 |                      1
     1743 |                1      
     1744 |          1     1      
     1745 |          1     1      
     1746 |          1            
     1747 |    1                  
     1748 |    1                  
     1750 |                      1
     1751 |    1                 2
     1752 |    1           1      
     1753 |    1     1     2      
     1754 |          1            
     1758 |          1           1
     1759 |          1           1
     1760 |          1           1
     1761 |    1                  
     1762 |    2                  
     1764 |                      1
     1765 |                      1
     1766 |                1      
     1767 |                2      
     1768 |          2            
     1769 |    1     1            
     1770 |    1                  
     1771 |    1                  
     1773 |                      2
     1774 |                      1
     1775 |                1      
     1776 |          1     1      
     1777 |          1            
     1778 |          1            
     1779 |    2                  
     1780 |    1                  
     1781 |                      1
     1782 |                      1
     1783 |                      1
     1784 |                1      
     1785 |          1     2      
     1786 |          1            
     1787 |          1            
     1788 |    1                  
     1789 |    1                  
     1791 |                      2
     1792 |                      1
     1793 |                1      
     1794 |          1     1      
     1795 |    1     1     1      
     1796 |    1                  
     1797 |    1                  
     1800 |                      1
     1801 |                1     2
     1802 |          1     1      
     1803 |          2            
     1804 |    1                  
     1805 |    1                  
     1806 |    1                  
     1807 |                      1
     1808 |                      1
     1809 |                      1
     1810 |                2      
     1811 |          1     1      
     1812 |          1            
     1813 |          1            
     1814 |    2                  
     1815 |    1                  
     1816 |                      1
     1817 |                      1
     1818 |                      1
     1819 |                1      
     1820 |          1     2      
     1821 |          1            
     1822 |          1            
     1823 |    1                  
     1824 |    2                  
     1826 |                      1
     1827 |                      2
     1828 |                1      
     1829 |                1      
     1830 |          1     1      
     1831 |    1     1            
     1832 |    1                  
     1835 |                      1
     1836 |                      1
     1837 |                1     1
     1838 |    1     2     2      
     1839 |    1     1            
     1840 |    1                  
     1844 |                      1
     1845 |          1     1     2
     1846 |          1     1      
     1847 |          1            
     1848 |    1                  
     1849 |    2                  
     1852 |                      2
     1853 |                1      
     1854 |                1      
     1855 |          2     1      
     1856 |          1            
     1857 |    1                  
     1858 |    1                  
     1859 |    1                  
     1860 |                      1
     1861 |                      1
     1862 |                      1
     1863 |                2      
     1864 |          1     1      
     1865 |          1            
     1866 |    1     1            
     1867 |    1                  
     1868 |    1                  
     1870 |                      2
     1871 |                      1
     1872 |                1      
     1873 |          1     1      
     1874 |          1     1      
     1875 |          1            
     1876 |    2                  
     1877 |    1                  
     1879 |                      1
     1880 |                      1
     1881 |                1     1
     1882 |                1      
     1883 |          1     1      
     1884 |          2            
     1885 |    1                  
     1886 |    1                  
     1888 |                      1
     1889 |                      1
     1890 |                      1
     1891 |          1     2      
     1892 |    1     1     1      
     1893 |    1                  
     1898 |          1           1
     1899 |    1     1     2     2
     1900 |    1           1      
     1901 |    1                  
     1906 |          1     2     2
     1907 |          1            
     1908 |    1     1            
     1909 |    1                  
     1912 |                      1
     1913 |                      2
     1914 |                1      
     1915 |          2     1      
     1916 |    1           1      
     1917 |    1                  
     1918 |    1                  
     1921 |                      1
     1922 |                1     1
     1923 |          1     2     1
     1924 |          1            
     1925 |    1     1            
     1926 |    1                  
     1929 |                      1
     1930 |                      1
     1931 |                1     1
     1932 |    1     1     1      
     1933 |    1     1     1      
     1934 |    1                  
     1938 |                      1
     1939 |                1     1
     1940 |          2     1     1
     1941 |          1            
     1942 |    2                  
     1945 |                      1
     1946 |                      1
     1947 |                      1
     1948 |          1     2      
     1949 |    2     1     1      
     1950 |    1                  
     1955 |                      1
     1956 |          1     2     2
     1957 |    1     1            
     1958 |    1                  
     1959 |    1                  
     1962 |                      1
     1963 |                1     2
     1964 |          1     1      
     1965 |          1     1      
     1966 |          1            
     1967 |    2                  
     1971 |                      2
     1972 |                      1
     1973 |          1     2      
     1974 |    1     1     1      
     1975 |    1                  
     1976 |    1                  
     1980 |                1     1
     1981 |                1     2
     1982 |          2     1      
     1983 |          1            
     1984 |    2                  
     1985 |    1                  
     1988 |                      1
     1989 |                      2
     1990 |                1      
     1991 |          1     2      
     1992 |          2            
     1993 |    1                  
     1994 |    1                  
     1995 |    1                  
     1997 |                      1
     1998 |                      1
     1999 |                1     1
     2000 |          1     1      
     2001 |          1     1      
     2002 |          1            
     2007 |                      2
     2008 |                      1
     2009 |                2      
     2010 |                1      
     2016 |                      1
     2017 |                      2
----------------------------------

. tab time_id year
too many values
r(134);

. br

. do "c:\Users\thecs\Dropbox (Boston University)\boston_university\8-Research Assistantship\ukData\code\pr
> ocess_LFS\output_data_theta_estimation.do"

. 
. local occupation bsoc00Agg

. local definition_list  educ_3_low //educ_4  educ_3_mid

. foreach definition in `definition_list' { 
  2.     use "./data/temporary/LFS_agg_database", clear
  3. 
.     keep if inlist(year,2001,2006,2012,2017)
  4. 
.     *Issues here: how to handle changes in employment shares
. 
.     do "code/process_LFS/create_education_variables.do"
  5. 
.     gcollapse (sum) people, by(`occupation' year `definition')
  6. 
.     egen total_educ=sum(people), by(year `definition')
  7. 
.     generate educ_empshare=people/total_educ
  8. 
.     egen obs_id=group(`definition' `occupation')
  9. 
.     egen time_id=group(year)
 10. 
.     xtset obs_id time_id
 11. }
(17,006 observations deleted)

. *Create education definition
. generate educ_4=edlevLFS 

. replace educ_4=1 if         edlevLFS==0
(631 real changes made)

. 
. label define educ_4 ///
>     1 "GCSE D-" ///
>     2 "GCSE A-C" ///
>     3 "A* level / trade" ///
>     4 "Bachelor +"

. 
. label values educ_4 educ_4

. 
. 
. generate educ_3_low=educ_4

. replace educ_3_low=2 if    educ_4==1
(1,383 real changes made)

. replace educ_3_low=educ_3_low-1 
(3,917 real changes made)

. 
. label define educ_3_low ///
>     1"GCSE C-" ///
>     2 "A* level / trade" ///
>     3 "Bachelor +"

. 
. label values educ_3_low educ_3_low

. 
. 
. generate educ_3_mid=educ_4

. replace educ_3_mid=3 if edlevLFS==2
(831 real changes made)

. replace educ_3_mid=educ_3_mid-1 if educ_3_mid>=3
(2,534 real changes made)

. 
. label define educ_3_mid ///
>     1 "GCSE G-" ///
>     2 "GCSE A-A* level" ///
>     3 "Bachelor +"

. 
. label values educ_3_mid educ_3_mid

. 
. 
end of do-file
       panel variable:  obs_id (unbalanced)
        time variable:  time_id, 1 to 4, but with gaps
                delta:  1 unit

. 
end of do-file

. tab year time_id

           |                 group(year)
      year |         1          2          3          4 |     Total
-----------+--------------------------------------------+----------
      2001 |       651          0          0          0 |       651 
      2006 |         0        655          0          0 |       655 
      2012 |         0          0        636          0 |       636 
      2017 |         0          0          0        636 |       636 
-----------+--------------------------------------------+----------
     Total |       651        655        636        636 |     2,578 

. do "c:\Users\thecs\Dropbox (Boston University)\boston_university\8-Research Assistantship\ukData\code\pr
> ocess_LFS\output_data_theta_estimation.do"

. 
. local occupation bsoc00Agg

. local definition_list  educ_3_low //educ_4  educ_3_mid

. foreach definition in `definition_list' { 
  2.     use "./data/temporary/LFS_agg_database", clear
  3. 
.     keep if inlist(year,2001,2006,2012,2017)
  4. 
.     *Issues here: how to handle changes in employment shares
. 
.     do "code/process_LFS/create_education_variables.do"
  5. 
.     gcollapse (sum) people, by(`occupation' year `definition')
  6. 
.     egen total_educ=sum(people), by(year `definition')
  7. 
.     generate educ_empshare=people/total_educ
  8. 
.     egen obs_id=group(`definition' `occupation')
  9. 
.     egen time_id=group(year)
 10. 
.     xtset obs_id time_id
 11. 
.     generate l_educ_empshare=log(educ_empshare)
 12. 
.     generate d_l_educ_emphare=d.l_educ_empshare
 13. 
.     egen b_d_l_educ_emphare=mean(d_l_educ_emphare), by(`definition' year)
 14. }
(17,006 observations deleted)

. *Create education definition
. generate educ_4=edlevLFS 

. replace educ_4=1 if         edlevLFS==0
(631 real changes made)

. 
. label define educ_4 ///
>     1 "GCSE D-" ///
>     2 "GCSE A-C" ///
>     3 "A* level / trade" ///
>     4 "Bachelor +"

. 
. label values educ_4 educ_4

. 
. 
. generate educ_3_low=educ_4

. replace educ_3_low=2 if    educ_4==1
(1,383 real changes made)

. replace educ_3_low=educ_3_low-1 
(3,917 real changes made)

. 
. label define educ_3_low ///
>     1"GCSE C-" ///
>     2 "A* level / trade" ///
>     3 "Bachelor +"

. 
. label values educ_3_low educ_3_low

. 
. 
. generate educ_3_mid=educ_4

. replace educ_3_mid=3 if edlevLFS==2
(831 real changes made)

. replace educ_3_mid=educ_3_mid-1 if educ_3_mid>=3
(2,534 real changes made)

. 
. label define educ_3_mid ///
>     1 "GCSE G-" ///
>     2 "GCSE A-A* level" ///
>     3 "Bachelor +"

. 
. label values educ_3_mid educ_3_mid

. 
. 
end of do-file
       panel variable:  obs_id (unbalanced)
        time variable:  time_id, 1 to 4, but with gaps
                delta:  1 unit
(734 missing values generated)
(651 missing values generated)

. 
end of do-file

. br

. exit, clear
